// Jest Snapshot v1, https://goo.gl/fbAQLP

exports[`UpsideV1Factory #createPool gas 1`] = `159175`;

exports[`UpsideV1Factory factory bytecode size 1`] = `1619`;

exports[`UpsideV1Factory pool bytecode size 1`] = `247`;
